// Jest Snapshot v1, https://goo.gl/fbAQLP

exports[`Icon renders correctly 1`] = `
<div>
  <i
    class="fas fa-md fa-camera"
  />
</div>
`;
